{
    "responses": {
        "b856d760-023d-4b00-bad2-15d2b6da22fe": {
            "output": "mHAVhRCKPAPx0BcufG5BZ4+/CbneMV/gRvqK5rtLe0OJgpDU5iT7z2P0R7gEeRDO"
        },
        "254eaee7-05fd-4e0d-8292-9b658a852245": {
            "output": "SGV5IHdpZSBrcmFzcyBkYXMgZnVua3Rpb25pZXJ0IGphIG9mZmVuYmFyIGVjaHQu"
        }
    }
}