{
    "responses": {
        "b856d760-023d-4b00-bad2-15d2b6da22fe": {
            "sorted_polys": [
                [
                    "WereNoStrangersToLoveA==",
                    "YouKnowTheRulesAAAAAAA==",
                    "AndSoDoIAAAAAAAAAAAAAA=="
                ],
                [
                    "NeverGonnaMakeYouCryAA==",
                    "NeverGonnaSayGoodbyeAA==",
                    "NeverGonnaTellALieAAAA==",
                    "AndHurtYouAAAAAAAAAAAA=="
                ],
                [
                    "NeverGonnaGiveYouUpAAA==",
                    "NeverGonnaLetYouDownAA==",
                    "NeverGonnaRunAroundAAA==",
                    "AndDesertYouAAAAAAAAAA=="
                ]
            ]
        },
        "254eaee7-05fd-4e0d-8292-9b658a852245": {
            "A*": [
                "edY47onJ4MtCENDTHG/sZw==",
                "oaXjCKnceBIxSavZ9eFT8w==",
                "1Ial5rAJGOucIdUe3zh5bw==",
                "gAAAAAAAAAAAAAAAAAAAAA=="
            ]
        },
        "square-root-case": {
            "S": [
                "NeverGonnaGiveYouUpAAA==",
                "NeverGonnaLetYouDownAA==",
                "NeverGonnaRunAroundAAA==",
                "AndDesertYouAAAAAAAAAA=="
            ]
        },
        "diff-case": {
            "F'": [
                "HowImFeelingAAAAAAAAAA==",
                "AAAAAAAAAAAAAAAAAAAAAA==",
                "UnderstaaaaaaaaaaaaanQ=="
            ]
        },
        "gcd-case": {
            "G": [
                "NeverGonnaMakeYouCryAA==",
                "NeverGonnaSayGoodbyeAA==",
                "NeverGonnaTellALieAAAA==",
                "AndHurtYouAAAAAAAAAAAA==",
                "gAAAAAAAAAAAAAAAAAAAAA=="
            ]
        },
        "sff-case": {
            "factors": [
                {
                    "factor": [
                        "q4AAAAAAAAAAAAAAAAAAAA==",
                        "gAAAAAAAAAAAAAAAAAAAAA=="
                    ],
                    "exponent": 1
                },
                {
                    "factor": [
                        "iwAAAAAAAAAAAAAAAAAAAA==",
                        "CAAAAAAAAAAAAAAAAAAAAA==",
                        "AAAAAAAAAAAAAAAAAAAAAA==",
                        "gAAAAAAAAAAAAAAAAAAAAA=="
                    ],
                    "exponent": 2
                },
                {
                    "factor": [
                        "kAAAAAAAAAAAAAAAAAAAAA==",
                        "CAAAAAAAAAAAAAAAAAAAAA==",
                        "wAAAAAAAAAAAAAAAAAAAAA==",
                        "gAAAAAAAAAAAAAAAAAAAAA=="
                    ],
                    "exponent": 3
                }
            ]
        },
        "ddf-case": {
            "factors": [
                {
                    "factor": [
                        "q4AAAAAAAAAAAAAAAAAAAA==",
                        "gAAAAAAAAAAAAAAAAAAAAA=="
                    ],
                    "degree": 1
                },
                {
                    "factor": [
                        "mmAAAAAAAAAAAAAAAAAAAA==",
                        "AbAAAAAAAAAAAAAAAAAAAA==",
                        "zgAAAAAAAAAAAAAAAAAAAA==",
                        "FwAAAAAAAAAAAAAAAAAAAA==",
                        "AAAAAAAAAAAAAAAAAAAAAA==",
                        "wAAAAAAAAAAAAAAAAAAAAA==",
                        "gAAAAAAAAAAAAAAAAAAAAA=="
                    ],
                    "degree": 3
                }
            ]
        },
        "edf-case": {
            "factors": [
                [
                    "iwAAAAAAAAAAAAAAAAAAAA==",
                    "CAAAAAAAAAAAAAAAAAAAAA==",
                    "AAAAAAAAAAAAAAAAAAAAAA==",
                    "gAAAAAAAAAAAAAAAAAAAAA=="
                ],
                [
                    "kAAAAAAAAAAAAAAAAAAAAA==",
                    "CAAAAAAAAAAAAAAAAAAAAA==",
                    "wAAAAAAAAAAAAAAAAAAAAA==",
                    "gAAAAAAAAAAAAAAAAAAAAA=="
                ]
            ]
        }
    }
}