{
    "responses": {
        "b856d760-023d-4b00-bad2-15d2b6da22fe": {
            "block": "ARIAAAAAAAAAAAAAAAAAgA=="
        },
        "254eaee7-05fd-4e0d-8292-9b658a852245": {
            "coefficients": [
                0,
                9,
                12,
                127
            ]
        }
    }
}