{
    "responses": {
        "b856d760-023d-4b00-bad2-15d2b6da22fe": {
            "S": [
                "P1d3GuyA9/0ONyYouUpAAA==",
                "eADzJhIhiAWDtYouDownAA==",
                "NeverGonnaRunAroundAAA==",
                "AndDesertYouAAAAAAAAAA=="
            ]
        },
        "zero-add-test": {
            "S": [
                "NeverGonnaGiveYouUpAAA=="
            ]
        },
        "254eaee7-05fd-4e0d-8292-9b658a852245": {
            "P": [
                "MoAAAAAAAAAAAAAAAAAAAA==",
                "sUgAAAAAAAAAAAAAAAAAAA==",
                "MbQAAAAAAAAAAAAAAAAAAA==",
                "AAhAAAAAAAAAAAAAAAAAAA=="
            ]
        },
        "zero-mul-test": {
            "P": [
                "AAAAAAAAAAAAAAAAAAAAAA=="
            ]
        },
        "affbf4fc-4d2a-41e3-afe0-a79e1d174781": {
            "Z": [
                "AkkAAAAAAAAAAAAAAAAAAA==",
                "DDAAAAAAAAAAAAAAAAAAAA==",
                "LQIIAAAAAAAAAAAAAAAAAA==",
                "8AAAAAAAAAAAAAAAAAAAAA==",
                "ACgCQAAAAAAAAAAAAAAAAA==",
                "AAAMAAAAAAAAAAAAAAAAAA==",
                "AAAAAgAAAAAAAAAAAAAAAA=="
            ]
        },
        "affbf4fc-4d2a-41e3-afe0-Hallo": {
            "q": "OAAAAAAAAAAAAAAAAAAAAA=="
        },
        "b856d760-023d-4b00-divmod": {
            "Q": [
                "nAIAgCAIAgCAIAgCAIAgCg==",
                "m85znOc5znOc5znOc5znOQ=="
            ],
            "R": [
                "lQNA0DQNA0DQNA0DQNA0Dg=="
            ]
        },
        "affbf4fc-4d2a-41e3-afe0-powmod": {
            "Z": [
                "+uH4VEFNRygNw05SXIja1g=="
            ]
        }
    }
}