{
    "responses": {
        "b856d760-023d-4b00-bad2-15d2b6da22fe": {
            "plaintext": "SGVsbG8gV29ybGQhIFRoaXMgaXMgYSB0ZXN0ISBvdmVyIDMgYmxvY2tzISBIb3BlIGl0IHdvcmtzIQYGBgYGBg=="
        },
        "254eaee7-05fd-with-double-match": {
            "plaintext": "AwMDAwMDAwMDAwMDAgICAQ=="
        }
    }
}