{
    "responses": {
        "b856d760-023d-4b00-bad2-15d2b6da22fe": {
            "product": "hSQAAAAAAAAAAAAAAAAAAA=="
        }
    }
}