{
    "responses": {
        "b856d760-023d-4b00-bad2-15d2b6da22fe": {
            "output": "D5FDo3iVBoBN9gVi9/MSKQ=="
        },
        "254eaee7-05fd-4e0d-8292-9b658a852245": {
            "output": "yv66vvrO263eyviIiDNEVQ=="
        }
    }
}